ARC TGT 7000 -36 100 CLIMB 200 MASS 67.4 TACC 30.0 HOVER 0.350
t phase thr speed alt dist dh err_deg gx gy spin tilt roll wy loop_ms
0.05 IGNITION 0.26 0.0 -52.9 7587.9 7587.9 0.0 +0.00 +0.00 0.00 0.0 +0.00 +0.00 53
0.30 IGNITION 0.28 0.0 -52.9 7587.9 7587.9 0.0 +0.00 +0.00 0.00 0.0 +0.00 +0.00 48
0.55 IGNITION 0.29 0.0 -52.9 7587.9 7587.9 0.0 +0.00 +0.00 0.00 0.0 +0.00 +0.00 57
0.80 IGNITION 0.30 0.0 -52.9 7587.9 7587.9 0.0 +0.00 +0.00 0.00 0.0 +0.00 +0.00 61
1.05 IGNITION 0.31 0.0 -52.9 7587.9 7587.9 0.0 +0.00 +0.00 0.02 0.0 +0.00 +0.00 35
1.30 IGNITION 0.33 0.0 -52.9 7587.9 7587.9 0.0 +0.00 +0.00 0.01 0.0 +0.00 -0.00 35
1.55 IGNITION 0.34 0.0 -52.9 7587.9 7587.9 0.0 +0.00 +0.00 0.01 0.0 +0.00 +0.00 67
1.80 IGNITION 0.35 0.0 -52.9 7587.9 7587.9 0.0 +0.00 +0.00 0.00 0.0 +0.00 -0.00 60
2.05 IGNITION 0.36 0.0 -52.9 7587.9 7587.9 0.0 +0.00 +0.00 0.00 0.0 +0.00 -0.00 38
2.30 IGNITION 0.38 0.0 -52.9 7587.9 7587.9 0.0 +0.00 +0.00 0.00 0.0 +0.00 +0.00 63
2.55 IGNITION 0.39 0.0 -52.9 7587.9 7587.9 0.0 +0.00 +0.00 0.00 0.0 +0.00 +0.00 50
2.80 IGNITION 0.40 0.0 -52.9 7587.9 7587.9 0.0 +0.00 +0.00 0.00 0.0 +0.00 +0.00 54
3.05 IGNITION 0.41 0.2 -52.9 7587.9 7587.9 0.0 +0.00 +0.00 0.00 0.0 +0.00 +0.00 43
3.30 ASCENT 0.54 0.7 -52.7 7587.9 7587.9 0.1 +0.00 +0.01 0.01 0.1 +0.00 -0.00 48
3.55 ASCENT 0.54 2.2 -52.3 7587.9 7587.9 0.1 +0.01 +0.02 0.01 0.1 +0.00 -0.00 51
3.85 ASCENT 0.54 3.7 -51.6 7587.9 7587.9 0.1 +0.00 +0.00 0.02 0.1 +0.00 -0.00 87
4.10 ASCENT 0.54 5.5 -50.1 7587.9 7587.9 0.1 +0.01 +0.00 0.01 0.1 +0.00 -0.00 23
4.35 ASCENT 0.54 6.9 -48.5 7587.9 7587.9 0.1 +0.01 -0.03 0.01 0.1 -0.00 +0.00 52
4.60 ASCENT 0.54 8.2 -46.6 7587.9 7587.9 0.3 +0.01 -0.00 0.02 0.3 -0.00 +0.00 60
4.85 ASCENT 0.54 9.5 -44.4 7587.9 7587.9 0.4 +0.01 -0.01 0.01 0.4 -0.00 +0.00 44
5.10 ASCENT 0.54 10.7 -41.8 7587.9 7587.9 0.6 +0.03 +0.01 0.02 0.3 -0.00 -0.00 51
5.35 ASCENT 0.54 11.9 -38.9 7587.9 7587.9 0.8 +0.03 +0.02 0.02 0.3 +0.00 -0.00 49
5.60 ASCENT 0.54 13.0 -35.8 7587.9 7587.9 0.7 +0.03 +0.03 0.02 0.4 +0.00 -0.00 53
5.85 ASCENT 0.54 14.0 -32.4 7587.9 7587.9 0.6 +0.03 +0.00 0.01 0.4 +0.00 +0.00 68
6.10 ASCENT 0.54 15.0 -28.7 7587.9 7587.9 1.2 +0.04 +0.03 0.01 0.3 +0.00 +0.00 52
6.35 ASCENT 0.54 15.9 -24.9 7588.0 7588.0 1.0 +0.04 +0.03 0.02 0.1 +0.00 -0.00 44
6.60 ASCENT 0.54 16.7 -20.8 7588.0 7588.0 0.6 -0.02 +0.00 0.04 0.4 +0.00 -0.00 69
6.85 ASCENT 0.54 17.5 -16.5 7588.1 7588.1 0.5 -0.05 +0.01 0.03 0.9 +0.00 -0.00 20
7.10 ASCENT 0.54 18.3 -12.0 7588.1 7588.1 1.3 -0.03 -0.01 0.02 1.1 +0.00 +0.00 28
7.35 ASCENT 0.54 19.0 -7.3 7588.2 7588.1 1.4 +0.03 -0.00 0.03 0.8 -0.00 +0.00 58
7.60 ASCENT 0.54 19.6 -2.5 7588.2 7588.1 0.8 +0.05 +0.00 0.04 0.4 -0.00 +0.00 58
7.85 ASCENT 0.54 20.3 2.6 7588.2 7588.1 0.4 -0.01 +0.00 0.01 0.4 -0.00 -0.01 43
8.10 ASCENT 0.54 20.9 7.7 7588.2 7588.1 0.4 -0.03 -0.00 0.02 0.4 +0.00 -0.01 70
8.35 ASCENT 0.54 21.4 13.0 7588.3 7588.1 0.6 -0.05 -0.00 0.00 0.5 +0.00 +0.00 50
8.60 ASCENT 0.54 22.0 18.4 7588.3 7588.1 1.2 -0.01 -0.02 0.01 0.5 -0.00 +0.01 73
8.85 ASCENT 0.54 22.5 24.0 7588.2 7588.0 0.9 +0.01 -0.02 0.03 0.3 -0.00 +0.01 107
9.10 ASCENT 0.54 22.9 29.7 7588.2 7587.9 0.7 +0.02 -0.02 0.02 0.4 -0.00 +0.00 12
9.35 ASCENT 0.54 23.4 35.5 7588.2 7587.9 0.7 -0.00 -0.03 0.03 0.6 -0.00 -0.01 17
9.60 ASCENT 0.54 23.8 41.4 7588.2 7587.8 0.7 -0.00 -0.02 0.01 0.5 +0.00 -0.01 57
9.85 ASCENT 0.54 24.3 47.4 7588.2 7587.8 0.7 +0.01 -0.03 0.02 0.4 -0.00 -0.00 38
10.10 ASCENT 0.54 24.7 53.6 7588.3 7587.7 0.7 -0.01 -0.03 0.02 0.3 +0.00 -0.00 31
10.35 ASCENT 0.54 25.0 59.8 7588.3 7587.7 0.5 -0.02 -0.01 0.01 0.1 +0.00 -0.00 51
10.60 ASCENT 0.54 25.4 66.1 7588.3 7587.6 0.3 -0.02 +0.02 0.02 0.3 +0.00 -0.01 70
10.85 ASCENT 0.54 25.8 72.5 7588.3 7587.6 0.3 -0.01 +0.02 0.03 0.6 +0.00 -0.01 44
11.10 ASCENT 0.54 26.2 79.0 7588.4 7587.6 0.8 -0.01 +0.03 0.00 0.9 +0.00 +0.00 46
11.35 ASCENT 0.54 26.5 85.6 7588.5 7587.6 1.0 -0.01 +0.01 0.02 0.8 +0.00 +0.01 41
11.60 ASCENT 0.54 26.8 92.3 7588.7 7587.6 1.0 -0.01 -0.01 0.03 0.6 -0.00 +0.01 37
11.85 ASCENT 0.54 27.2 99.0 7588.9 7587.7 0.7 -0.02 -0.03 0.03 0.3 -0.00 +0.01 50
12.10 ASCENT 0.54 27.5 105.9 7589.1 7587.7 0.5 -0.02 -0.03 0.02 0.3 +0.00 -0.01 50
12.35 ASCENT 0.54 27.8 112.8 7589.2 7587.8 0.5 -0.02 -0.01 0.02 0.4 +0.00 -0.02 57
12.60 ASCENT 0.54 28.2 119.8 7589.4 7587.8 0.5 -0.02 -0.01 0.01 0.4 +0.00 -0.01 60
12.85 ASCENT 0.54 28.5 126.9 7589.5 7587.8 0.5 -0.02 +0.01 0.00 0.4 +0.00 +0.00 47
13.20 ASCENT 0.54 28.9 137.0 7589.7 7587.8 0.4 -0.01 +0.02 0.00 0.2 -0.00 +0.00 162
13.45 ASCENT 0.54 29.2 144.2 7589.9 7587.8 0.4 -0.03 -0.00 0.01 0.2 +0.00 -0.00 64
13.70 EXPRESS 0.60 29.5 151.6 7590.1 7587.8 3.2 +0.03 +0.07 0.00 0.1 +0.00 +0.00 91
13.95 EXPRESS 0.67 30.0 159.0 7590.3 7587.8 6.8 +0.05 +0.12 0.02 0.1 +0.00 +0.00 29
14.20 EXPRESS 0.75 31.1 166.7 7590.5 7587.8 9.8 +0.06 +0.08 0.08 0.9 -0.00 +0.00 17
14.45 EXPRESS 0.82 32.8 174.7 7590.8 7587.9 11.8 +0.02 +0.05 0.15 2.6 -0.00 +0.00 37
14.70 EXPRESS 0.90 34.9 183.2 7591.1 7587.9 12.9 -0.01 +0.04 0.19 5.2 +0.00 -0.00 47
14.95 EXPRESS 0.97 37.5 192.3 7591.2 7587.8 13.9 +0.01 +0.07 0.19 8.0 +0.00 -0.00 35
15.20 EXPRESS 1.00 40.4 202.1 7591.1 7587.4 15.1 +0.05 +0.11 0.17 10.5 +0.00 -0.00 93
15.45 EXPRESS 1.00 43.6 212.6 7590.6 7586.5 16.6 +0.09 +0.15 0.17 12.8 -0.00 -0.00 14
15.70 EXPRESS 1.00 46.8 223.9 7589.7 7585.2 17.5 +0.07 +0.16 0.21 15.6 -0.00 -0.00 71
15.95 EXPRESS 1.00 49.7 235.9 7588.3 7583.4 18.0 +0.06 +0.18 0.24 18.9 -0.00 -0.01 11
16.20 EXPRESS 1.00 52.5 248.5 7586.3 7580.9 18.1 +0.06 +0.18 0.27 22.5 -0.00 -0.01 58
16.45 EXPRESS 1.00 55.0 261.6 7583.5 7577.6 17.9 +0.07 +0.19 0.28 26.5 -0.00 -0.01 42
16.70 EXPRESS 1.00 57.5 275.1 7579.8 7573.4 17.7 +0.10 +0.21 0.27 30.4 -0.00 -0.01 118
16.95 EXPRESS 1.00 59.8 288.8 7575.1 7568.1 17.7 +0.12 +0.25 0.26 34.2 -0.00 -0.02 13
17.20 EXPRESS 1.00 62.3 302.8 7569.4 7561.8 17.4 +0.09 +0.26 0.31 38.2 +0.00 -0.03 54
17.45 EXPRESS 1.00 65.3 317.0 7562.6 7554.4 16.2 +0.07 +0.21 0.38 43.2 +0.01 -0.04 87
17.70 EXPRESS 1.00 69.3 331.6 7554.8 7545.9 12.7 +0.02 +0.00 0.63 50.4 +0.01 -0.06 106
17.95 EXPRESS 1.00 73.1 346.6 7545.8 7536.1 5.9 -0.07 -0.26 0.78 61.0 +0.01 -0.07 100
18.20 EXPRESS 1.00 76.1 361.6 7535.3 7524.8 1.8 -0.05 -0.21 0.61 71.0 +0.01 -0.08 115
18.45 EXPRESS 1.00 78.7 376.0 7523.1 7511.9 3.7 +0.03 +0.03 0.33 77.1 +0.01 -0.06 9
18.70 EXPRESS 1.00 81.8 389.7 7509.2 7497.2 3.3 +0.07 +0.19 0.21 80.4 +0.00 -0.01 82
18.95 EXPRESS 1.00 85.3 402.9 7493.7 7480.8 5.1 +0.01 +0.09 0.34 84.3 -0.00 +0.01 88
19.20 EXPRESS 1.00 89.0 415.3 7476.5 7462.8 11.3 -0.08 -0.15 0.49 90.6 -0.00 +0.00 45
19.45 EXPRESS 1.00 92.2 426.9 7457.6 7443.3 17.9 -0.09 -0.24 0.42 97.3 +0.00 -0.02 130
19.70 EXPRESS 1.00 95.0 437.1 7437.2 7422.2 21.7 -0.05 -0.09 0.16 101.0 +0.01 -0.03 165
19.95 EXPRESS 1.00 98.3 445.8 7415.2 7399.6 21.7 +0.01 +0.11 0.09 101.1 +0.00 -0.02 59
20.20 EXPRESS 1.00 102.3 453.2 7391.7 7375.5 20.2 +0.04 +0.13 0.10 99.6 +0.00 +0.00 43
20.45 EXPRESS 1.00 106.9 459.5 7366.7 7350.0 19.8 +0.01 -0.01 0.04 99.3 -0.00 +0.02 32
20.70 EXPRESS 1.00 111.7 464.7 7340.2 7323.1 20.9 -0.05 -0.14 0.10 100.3 -0.00 +0.02 123
20.95 EXPRESS 1.00 116.3 468.7 7312.2 7294.8 21.5 -0.05 -0.12 0.01 100.9 -0.00 +0.01 134
21.20 EXPRESS 1.00 121.0 471.5 7282.8 7265.1 19.9 +0.01 +0.01 0.17 99.3 -0.00 +0.01 85
21.45 EXPRESS 1.00 126.1 473.1 7252.1 7234.2 16.7 +0.05 +0.10 0.24 96.1 -0.00 -0.00 27
21.70 EXPRESS 1.00 131.2 473.8 7219.9 7201.9 13.8 +0.02 +0.07 0.16 93.3 +0.00 -0.01 12
21.95 EXPRESS 1.00 136.4 473.7 7186.4 7168.3 14.7 -0.05 -0.04 0.06 91.9 -0.00 +0.01 4
22.20 EXPRESS 1.00 141.5 473.0 7151.6 7133.5 17.8 -0.08 -0.14 0.06 91.2 -0.00 +0.01 49
22.45 EXPRESS 1.00 146.5 471.5 7115.5 7097.4 19.7 -0.03 -0.10 0.19 89.4 -0.00 +0.01 57
22.70 EXPRESS 1.00 151.4 469.2 7078.1 7060.1 19.3 +0.03 +0.02 0.35 85.2 +0.00 -0.02 117
22.95 EXPRESS 1.00 156.2 466.4 7039.6 7021.6 17.5 +0.04 +0.08 0.39 79.6 +0.01 -0.03 47
23.20 EXPRESS 1.00 160.6 463.4 6999.8 6982.0 16.2 -0.02 +0.03 0.32 74.6 +0.01 -0.04 103
23.45 EXPRESS 1.00 164.7 460.3 6959.1 6941.4 16.0 -0.07 -0.06 0.26 70.7 +0.00 -0.02 66
23.70 EXPRESS 1.00 168.6 457.3 6917.3 6899.7 15.7 -0.04 -0.08 0.31 66.7 +0.00 +0.00 106
23.95 EXPRESS 1.00 172.2 454.5 6874.6 6857.1 12.7 +0.03 -0.03 0.40 61.5 +0.00 -0.01 45
24.20 EXPRESS 1.00 175.3 451.9 6831.1 6813.7 7.0 +0.08 +0.07 0.45 55.2 +0.00 -0.03 280
24.45 EXPRESS 1.00 177.6 449.8 6786.9 6769.5 1.7 +0.04 +0.10 0.39 49.2 +0.01 -0.04 166
24.70 EXPRESS 1.00 179.2 448.5 6742.3 6724.9 3.5 -0.02 +0.05 0.25 44.9 +0.00 -0.01 17
24.95 EXPRESS 1.00 180.5 448.0 6697.4 6679.9 7.9 -0.05 -0.01 0.14 42.4 -0.00 +0.03 62
25.20 EXPRESS 1.00 181.8 448.4 6652.3 6634.6 12.6 +0.02 +0.00 0.14 40.6 -0.01 +0.05 120
25.45 EXPRESS 1.00 183.0 449.6 6606.9 6589.0 18.1 +0.10 +0.06 0.14 38.9 -0.01 +0.04 93
25.70 EXPRESS 1.00 183.9 451.7 6561.3 6543.1 22.9 +0.09 +0.10 0.02 37.9 -0.00 +0.01 22
25.95 EXPRESS 1.00 184.6 454.8 6515.7 6497.2 25.8 +0.01 +0.09 0.13 38.7 +0.00 -0.02 67
26.20 EXPRESS 1.00 185.7 458.7 6470.0 6451.0 26.6 -0.04 +0.03 0.25 41.6 +0.00 -0.03 47
26.45 EXPRESS 1.00 187.2 463.4 6424.1 6404.6 26.2 -0.01 -0.01 0.31 45.7 +0.00 -0.01 85
26.70 EXPRESS 1.00 189.2 468.7 6377.8 6357.8 25.6 +0.05 -0.00 0.31 50.2 -0.00 +0.01 79
26.95 EXPRESS 1.00 191.6 474.6 6331.1 6310.5 24.8 +0.06 +0.03 0.33 54.7 -0.00 +0.01 26
27.20 EXPRESS 1.00 194.1 480.8 6283.9 6262.7 23.5 +0.02 +0.06 0.37 59.7 +0.00 -0.01 63
27.45 EXPRESS 1.00 196.9 487.2 6236.1 6214.1 21.4 -0.03 +0.03 0.44 65.6 +0.00 -0.02 52
27.70 EXPRESS 1.00 200.0 493.8 6187.6 6164.9 18.4 -0.03 -0.00 0.48 72.3 +0.00 -0.02 60
27.95 EXPRESS 1.00 203.2 500.1 6138.3 6114.8 14.0 +0.01 -0.06 0.46 79.0 +0.00 -0.01 43
28.30 EXPRESS 1.00 207.7 508.1 6067.7 6043.3 6.7 +0.02 -0.04 0.35 87.0 +0.00 -0.02 273
28.55 EXPRESS 1.00 210.8 512.9 6016.2 5991.1 2.1 -0.01 +0.02 0.28 91.4 +0.00 -0.02 17
28.80 EXPRESS 1.00 213.9 516.9 5963.8 5938.1 2.9 -0.04 +0.02 0.25 95.0 +0.00 -0.03 191
29.05 EXPRESS 1.00 217.0 519.9 5910.4 5884.2 8.3 -0.06 -0.02 0.22 98.3 +0.00 -0.02 151
29.30 EXPRESS 1.00 219.9 521.9 5856.2 5829.6 13.6 -0.04 -0.08 0.16 100.9 +0.00 -0.00 58
29.55 EXPRESS 1.00 222.7 522.7 5801.2 5774.2 18.3 +0.00 -0.09 0.08 102.2 -0.00 +0.01 169
29.80 EXPRESS 1.00 225.7 522.3 5745.3 5718.1 21.9 +0.00 -0.08 0.05 102.2 -0.00 +0.01 91
30.05 EXPRESS 1.00 228.5 520.7 5688.6 5661.3 24.4 -0.03 -0.04 0.13 100.8 -0.00 +0.01 19
30.30 EXPRESS 1.00 231.6 518.1 5631.1 5603.7 25.6 -0.06 +0.00 0.21 98.3 +0.00 -0.01 124
30.55 EXPRESS 1.00 234.6 514.5 5572.7 5545.5 25.9 -0.04 +0.01 0.27 94.8 +0.00 -0.03 57
30.80 EXPRESS 1.00 237.7 510.1 5513.7 5486.5 25.4 +0.01 -0.01 0.31 90.6 +0.01 -0.03 35
31.05 EXPRESS 1.00 240.6 505.0 5453.8 5426.9 24.6 +0.02 -0.04 0.33 86.0 +0.01 -0.04 144
31.30 EXPRESS 1.00 243.5 499.6 5393.2 5366.6 23.5 +0.01 -0.04 0.36 81.2 +0.00 -0.03 34
31.55 EXPRESS 1.00 246.1 493.8 5332.0 5305.6 21.7 -0.01 +0.00 0.40 75.7 +0.01 -0.03 99
31.80 EXPRESS 1.00 248.3 487.9 5270.1 5244.0 19.4 -0.03 +0.02 0.42 69.8 +0.01 -0.04 142
32.05 EXPRESS 1.00 250.2 482.2 5207.7 5181.9 13.6 -0.02 +0.06 0.42 63.8 +0.00 -0.01 69
32.30 EXPRESS 1.00 251.5 476.8 5145.0 5119.3 8.4 +0.02 +0.04 0.38 58.1 -0.00 +0.02 219
32.55 EXPRESS 1.00 252.5 472.0 5081.9 5056.5 3.8 +0.05 -0.01 0.33 53.1 -0.00 +0.01 159
32.80 EXPRESS 1.00 252.7 467.8 5018.8 4993.5 1.1 +0.05 -0.02 0.27 49.0 -0.00 -0.01 943
33.05 EXPRESS 1.00 252.6 464.4 4955.7 4930.4 5.5 -0.00 +0.02 0.21 45.7 +0.00 -0.01 107
33.30 EXPRESS 1.00 252.4 461.9 4892.7 4867.3 10.1 -0.01 +0.06 0.19 42.9 +0.00 -0.01 133
33.55 EXPRESS 0.27 252.3 460.2 4829.8 4804.2 13.2 +0.02 +0.08 0.13 40.6 -0.00 +0.00 157
33.80 EXPRESS 0.27 249.6 459.1 4767.2 4741.4 9.7 -0.11 -0.12 0.10 39.2 -0.00 +0.00 233
34.05 EXPRESS 0.27 245.1 457.9 4705.7 4679.7 6.2 -0.13 -0.19 0.12 37.7 -0.00 -0.00 37
34.30 EXPRESS 0.27 240.9 456.2 4645.3 4619.1 3.3 -0.13 -0.21 0.17 35.6 +0.04 -0.00 53
34.55 EXPRESS 0.30 236.8 454.3 4585.8 4559.5 1.5 -0.08 -0.16 0.24 32.6 +0.04 +0.01 17
34.80 EXPRESS 0.31 232.9 452.1 4527.4 4501.0 1.8 -0.07 -0.13 0.32 28.5 +0.04 +0.04 669
35.05 EXPRESS 0.32 228.8 449.7 4469.9 4443.4 6.7 +0.12 +0.14 0.38 23.4 +0.02 +0.07 137
35.30 EXPRESS 0.32 224.5 447.2 4413.4 4386.9 12.0 +0.20 +0.27 0.37 18.1 +0.02 +0.08 172
35.55 EXPRESS 0.33 219.9 444.6 4358.1 4331.5 16.5 +0.20 +0.28 0.28 13.7 +0.01 +0.09 78
35.80 EXPRESS 0.33 215.2 441.9 4303.9 4277.3 19.3 +0.20 +0.27 0.17 10.9 +0.01 +0.08 656
36.05 EXPRESS 0.34 210.4 439.1 4250.9 4224.3 20.4 +0.08 +0.12 0.09 9.9 +0.00 +0.09 41
36.30 EXPRESS 0.32 205.8 436.4 4199.1 4172.5 19.5 -0.05 -0.05 0.14 10.9 -0.01 +0.08 62
36.55 EXPRESS 0.32 201.6 433.9 4148.4 4121.7 17.6 -0.07 -0.09 0.16 12.7 -0.01 +0.08 78
36.80 EXPRESS 0.34 197.8 431.2 4098.7 4071.9 15.8 -0.01 -0.02 0.13 14.5 -0.01 +0.06 191
37.05 EXPRESS 0.35 194.1 428.5 4049.9 4023.1 14.5 +0.05 +0.06 0.10 15.9 -0.01 +0.04 100
37.30 EXPRESS 0.35 190.5 425.8 4001.9 3975.2 13.2 +0.07 +0.08 0.10 17.2 -0.00 +0.02 163
37.65 EXPRESS 0.35 185.8 422.1 3936.3 3909.6 10.8 +0.07 +0.07 0.14 19.5 -0.00 +0.01 565
37.90 EXPRESS 0.35 182.2 419.4 3890.5 3863.8 8.5 -0.01 -0.02 0.17 21.8 -0.00 +0.01 115
38.15 EXPRESS 0.36 179.4 416.8 3845.5 3818.7 6.0 -0.03 -0.05 0.18 24.3 -0.00 +0.00 64
38.40 EXPRESS 0.37 176.5 414.2 3801.1 3774.4 3.5 -0.04 -0.05 0.16 26.7 -0.00 -0.01 93
38.65 EXPRESS 0.38 174.0 411.5 3757.5 3730.7 1.6 -0.01 -0.01 0.13 28.6 +0.00 -0.02 125
38.90 EXPRESS 0.40 171.6 408.8 3714.4 3687.7 0.3 -0.00 +0.01 0.11 30.1 +0.00 -0.03 82
39.15 EXPRESS 0.41 169.1 406.1 3672.0 3645.3 1.5 -0.05 -0.05 0.10 31.5 +0.00 -0.03 59
39.40 EXPRESS 0.41 167.3 403.4 3630.1 3603.4 2.7 -0.03 -0.02 0.07 32.6 +0.00 -0.03 98
39.65 EXPRESS 0.41 165.3 400.7 3588.6 3562.0 3.2 +0.02 +0.02 0.03 33.2 +0.00 -0.02 28
39.90 EXPRESS 0.40 163.3 398.1 3547.7 3521.0 3.6 +0.04 +0.03 0.03 33.5 -0.00 -0.02 73
40.15 EXPRESS 0.40 161.3 395.5 3507.2 3480.6 3.8 +0.02 +0.02 0.03 33.8 +0.00 -0.02 155
40.40 EXPRESS 0.41 159.4 392.9 3467.2 3440.6 4.2 -0.01 -0.01 0.03 34.1 +0.00 -0.02 52
40.65 EXPRESS 0.40 157.7 390.3 3427.7 3401.1 4.6 -0.02 -0.03 0.03 34.5 +0.00 -0.02 89
40.95 EXPRESS 0.40 155.9 387.3 3380.8 3354.2 4.9 -0.03 -0.03 0.02 34.8 +0.00 -0.02 295
41.20 EXPRESS 0.40 154.1 384.8 3342.2 3315.6 4.6 +0.01 +0.02 0.03 34.5 +0.00 -0.01 142
41.45 EXPRESS 0.40 152.4 382.2 3304.0 3277.4 4.1 +0.01 +0.02 0.04 34.1 +0.00 -0.01 88
41.70 EXPRESS 0.40 150.6 379.7 3266.2 3239.7 3.6 +0.04 +0.04 0.03 33.6 +0.00 -0.00 26
41.95 EXPRESS 0.40 148.9 377.1 3228.9 3202.4 3.3 -0.00 -0.02 0.03 33.3 -0.00 +0.01 48
42.20 EXPRESS 0.40 147.2 374.5 3192.0 3165.5 3.1 -0.01 -0.03 0.02 33.1 -0.00 +0.01 132
42.45 EXPRESS 0.40 145.4 372.0 3155.5 3129.0 2.9 -0.01 -0.02 0.02 32.8 -0.00 +0.01 77
42.70 EXPRESS 0.40 143.6 369.4 3119.4 3093.0 2.5 +0.00 +0.01 0.03 32.5 +0.00 -0.00 20
42.95 EXPRESS 0.40 142.6 366.8 3083.7 3057.3 2.0 -0.01 -0.00 0.03 32.0 +0.00 -0.00 98
43.20 EXPRESS 0.40 140.9 364.3 3048.4 3022.0 1.5 -0.01 +0.00 0.04 31.5 +0.00 -0.01 95
43.45 EXPRESS 0.40 139.3 361.7 3013.6 2987.2 1.0 +0.00 +0.02 0.03 31.0 +0.01 -0.01 41
43.70 EXPRESS 0.39 137.5 359.1 2979.1 2952.8 0.6 -0.00 +0.01 0.03 30.5 +0.01 -0.00 50
44.05 EXPRESS 0.40 135.0 355.5 2931.5 2905.2 0.1 -0.01 +0.00 0.03 29.9 +0.01 -0.00 543
44.30 EXPRESS 0.40 134.0 352.8 2898.0 2871.8 0.5 +0.01 +0.02 0.03 29.5 +0.01 +0.01 33
44.55 EXPRESS 0.40 132.3 350.2 2864.9 2838.7 0.9 +0.01 +0.01 0.03 29.1 +0.00 +0.02 26
44.80 EXPRESS 0.40 130.5 347.6 2832.2 2806.1 1.1 +0.02 +0.01 0.03 28.9 -0.00 +0.02 63
45.05 EXPRESS 0.40 128.8 345.0 2799.8 2773.8 1.4 +0.03 +0.02 0.02 28.7 -0.01 +0.02 9
45.30 EXPRESS 0.40 127.0 342.4 2767.9 2741.9 1.5 +0.01 +0.01 0.02 28.6 -0.00 +0.02 12
45.55 EXPRESS 0.40 125.3 339.8 2736.2 2710.3 1.6 +0.01 +0.03 0.00 28.5 -0.00 +0.00 160
45.80 EXPRESS 0.39 125.2 337.2 2705.0 2679.1 1.6 +0.00 +0.04 0.00 28.4 -0.00 +0.00 62
46.05 EXPRESS 0.40 123.5 334.6 2674.1 2648.3 1.5 +0.01 +0.02 0.02 28.5 +0.00 -0.00 171
46.30 EXPRESS 0.40 121.7 332.0 2643.6 2617.9 1.4 +0.01 -0.02 0.02 28.7 +0.00 -0.00 16
46.55 EXPRESS 0.39 120.0 329.5 2613.4 2587.7 1.2 +0.02 +0.02 0.02 28.9 +0.00 -0.00 59
46.80 EXPRESS 0.40 119.3 326.9 2583.5 2557.9 1.1 +0.03 -0.02 0.02 29.1 +0.00 -0.00 113
47.05 EXPRESS 0.40 118.2 324.3 2554.0 2528.4 0.8 -0.01 -0.06 0.08 29.5 +0.01 -0.04 42
47.30 EXPRESS 0.39 114.6 321.9 2525.0 2499.5 4.7 -0.52 -0.86 0.66 34.7 +0.05 -0.13 69
47.55 EXPRESS 0.44 111.0 319.8 2496.9 2471.4 21.0 -1.00 -1.00 1.44 50.9 +0.00 -0.22 33
47.80 EXPRESS 1.00 111.1 317.8 2469.2 2443.8 43.3 -1.00 -1.00 1.57 73.2 +0.00 -0.38 102
48.05 EXPRESS 1.00 113.2 315.2 2441.3 2415.9 55.8 -0.39 -1.00 0.88 85.3 +0.00 -0.73 35
48.30 EXPRESS 1.00 115.3 312.3 2418.4 2393.2 52.3 +0.03 -0.23 1.20 81.3 +0.16 -1.02 6
48.55 EXPRESS 1.00 114.9 308.3 2384.0 2359.0 44.5 -0.66 +0.69 0.86 74.4 +0.06 -0.11 34
48.80 EXPRESS 1.00 114.4 306.7 2355.5 2330.4 48.1 -0.81 -0.29 0.59 78.0 -0.07 +0.46 54
49.05 EXPRESS 1.00 116.1 305.6 2326.8 2301.6 50.7 -0.30 -0.86 0.59 80.7 -0.04 +0.13 50
49.30 EXPRESS 1.00 116.1 304.6 2298.0 2272.6 48.5 -0.17 -0.32 0.35 78.2 +0.03 -0.24 22
49.55 EXPRESS 1.00 116.1 304.3 2269.3 2243.6 45.6 -0.52 +0.22 0.48 75.5 +0.03 -0.11 32
49.80 EXPRESS 1.00 117.8 304.7 2240.4 2214.3 45.5 -0.54 -0.13 0.14 75.5 -0.02 +0.14 41
50.05 EXPRESS 1.00 117.9 305.8 2211.5 2184.9 45.5 -0.29 -0.48 0.30 75.5 -0.02 +0.06 48
50.30 EXPRESS 1.00 117.9 307.2 2182.6 2155.4 44.1 -0.27 -0.28 0.16 74.0 +0.01 -0.10 48
50.55 EXPRESS 0.27 119.8 309.0 2153.5 2125.6 42.4 -0.41 +0.00 0.25 72.3 +0.02 -0.08 64
50.80 EXPRESS 0.27 118.2 311.3 2124.5 2095.9 42.1 -1.00 -0.36 0.11 72.0 +0.00 +0.07 81
51.10 EXPRESS 1.00 116.3 314.1 2090.5 2060.9 42.8 -0.41 -0.33 0.18 72.8 -0.02 +0.12 4
51.35 EXPRESS 0.27 118.0 316.1 2061.9 2031.6 38.0 -0.12 -0.36 0.36 68.0 -0.01 -0.02 51
51.60 EXPRESS 0.27 116.3 318.0 2033.6 2002.6 36.1 -0.79 -0.40 0.20 66.0 +0.07 -0.18 64
51.85 EXPRESS 0.27 114.4 319.8 2005.6 1973.8 37.5 -1.00 -0.34 0.21 67.5 +0.00 -0.12 19
52.10 EXPRESS 0.27 114.3 321.1 1977.7 1945.2 37.5 -0.98 -0.19 0.15 67.5 +0.00 +0.02 76
52.35 EXPRESS 0.27 116.0 321.7 1949.3 1916.2 33.3 -0.30 -0.09 0.44 63.3 -0.05 +0.14 37
52.60 EXPRESS 0.27 116.0 321.8 1920.9 1887.2 26.4 +0.09 -0.22 0.52 56.4 -0.07 +0.17 52
52.85 EXPRESS 0.27 114.3 321.8 1892.7 1858.6 22.1 -0.24 -0.53 0.22 52.0 -0.04 +0.07 20
53.10 EXPRESS 0.27 114.3 321.8 1864.7 1830.0 22.7 -0.99 -0.74 0.17 52.5 +0.01 -0.09 58
53.35 EXPRESS 0.27 112.5 321.6 1837.0 1801.9 25.2 -1.00 -0.65 0.26 55.1 +0.00 -0.15 122
53.60 EXPRESS 0.27 112.5 321.2 1809.3 1773.7 26.8 -1.00 -0.46 0.20 56.8 +0.00 -0.04 8
53.85 EXPRESS 0.28 112.6 320.4 1781.6 1745.6 28.2 -1.00 -0.49 0.27 58.1 +0.00 +0.22 23
54.10 EXPRESS 0.34 110.8 319.4 1754.2 1717.8 30.8 -1.00 -0.94 0.56 60.6 +0.00 +0.50 11
54.35 EXPRESS 0.47 110.9 318.2 1726.8 1690.1 35.9 -1.00 -1.00 0.83 65.8 +0.00 +0.70 32
54.60 EXPRESS 0.73 109.2 316.8 1699.8 1662.8 42.0 -1.00 -1.00 0.93 72.0 +0.00 +0.83 40
54.85 EXPRESS 1.00 111.1 315.0 1672.7 1635.4 43.6 -0.27 -0.80 0.78 73.6 -0.12 +0.66 69
55.10 EXPRESS 0.61 112.8 313.1 1645.0 1607.5 37.8 +0.36 -0.48 0.67 67.4 -0.01 -0.11 33
55.35 EXPRESS 0.27 109.0 312.2 1617.8 1579.8 36.9 -1.00 -1.00 0.59 65.8 +0.00 -0.53 39
55.60 EXPRESS 0.27 105.5 312.2 1591.7 1553.2 42.8 -1.00 -1.00 0.70 72.2 +0.00 -0.41 9
55.85 EXPRESS 1.00 105.5 312.2 1566.2 1527.0 46.6 -0.85 -0.70 0.23 76.3 +0.04 -0.18 24
56.10 EXPRESS 0.27 107.2 311.8 1540.2 1500.4 38.8 -0.51 -0.46 0.74 68.5 +0.01 -0.02 30
56.35 EXPRESS 0.27 104.3 312.0 1514.4 1473.9 33.1 -0.85 -1.00 0.13 62.5 +0.00 -0.04 44
56.60 EXPRESS 0.27 100.7 313.2 1489.9 1448.4 37.1 -1.00 -1.00 0.40 66.4 +0.00 -0.12 33
56.85 EXPRESS 0.27 98.8 314.5 1466.0 1423.4 41.8 -1.00 -1.00 0.30 71.1 +0.00 -0.18 47
57.10 EXPRESS 0.27 98.5 315.4 1442.3 1398.9 42.8 -1.00 -1.00 0.22 72.1 +0.00 -0.21 39
57.35 EXPRESS 0.27 96.7 315.9 1418.7 1374.4 40.1 -1.00 -1.00 0.33 69.4 +0.00 -0.18 59
57.60 EXPRESS 0.27 96.7 316.0 1395.4 1350.3 35.9 -1.00 -0.87 0.31 65.5 +0.00 -0.07 43
57.85 EXPRESS 0.27 95.0 316.1 1372.4 1326.5 33.1 -1.00 -1.00 0.18 62.9 +0.00 +0.11 23
58.10 EXPRESS 0.27 93.2 316.2 1349.8 1303.0 32.9 -1.00 -1.00 0.28 62.7 +0.00 +0.27 19
58.35 EXPRESS 0.27 91.4 316.3 1327.5 1279.9 34.4 -1.00 -1.00 0.38 64.2 +0.00 +0.34 22
58.60 EXPRESS 0.27 91.4 316.3 1305.5 1257.1 36.5 -1.00 -1.00 0.36 66.2 +0.00 +0.30 46
58.85 EXPRESS 0.27 89.7 316.0 1283.7 1234.5 38.2 -1.00 -1.00 0.25 67.5 +0.00 +0.12 59
59.10 EXPRESS 0.27 89.7 315.5 1262.0 1212.1 39.1 -1.00 -1.00 0.24 67.8 +0.00 -0.15 41
59.35 EXPRESS 0.29 87.9 314.9 1240.6 1190.0 39.1 -1.00 -1.00 0.43 67.2 +0.00 -0.42 21
59.60 EXPRESS 0.28 86.2 314.3 1219.6 1168.2 38.7 -1.00 -1.00 0.57 66.5 +0.00 -0.55 18
59.85 EXPRESS 0.27 84.5 313.7 1199.0 1146.8 38.3 -1.00 -1.00 0.54 66.6 +0.00 -0.45 50
60.10 EXPRESS 0.27 84.5 313.2 1178.7 1125.8 38.5 -1.00 -1.00 0.39 67.7 +0.00 -0.16 15
60.35 EXPRESS 0.27 82.7 312.8 1159.0 1105.2 38.8 -1.00 -1.00 0.31 68.6 +0.00 +0.17 10
60.60 EXPRESS 0.27 80.9 312.4 1139.5 1084.9 38.4 -1.00 -1.00 0.41 68.4 +0.00 +0.40 80
60.85 EXPRESS 0.27 79.1 312.0 1120.4 1065.0 37.4 -1.00 -1.00 0.48 67.4 +0.00 +0.46 42
61.10 EXPRESS 0.27 77.4 311.7 1101.7 1045.4 36.3 -1.00 -1.00 0.44 66.3 +0.00 +0.35 66
61.35 EXPRESS 0.27 75.6 311.6 1083.4 1026.1 35.9 -1.00 -1.00 0.32 65.7 +0.00 +0.15 9
61.60 EXPRESS 0.27 75.6 311.5 1065.5 1007.2 35.9 -1.00 -1.00 0.21 65.3 +0.00 -0.05 64
61.85 EXPRESS 0.27 73.8 311.6 1048.1 988.8 35.8 -1.00 -1.00 0.21 64.6 +0.00 -0.19 44
62.10 EXPRESS 0.27 72.1 311.8 1031.1 970.6 35.2 -1.00 -1.00 0.25 63.7 +0.00 -0.24 43
62.35 EXPRESS 0.27 70.3 312.1 1014.4 952.8 34.1 -1.00 -1.00 0.26 62.7 +0.00 -0.21 26
62.60 EXPRESS 0.27 70.4 312.5 998.1 935.3 32.8 -1.00 -1.00 0.21 61.8 +0.00 -0.11 63
62.85 EXPRESS 0.27 68.6 312.9 982.2 918.1 31.5 -1.00 -1.00 0.15 60.9 +0.00 -0.00 61
63.10 EXPRESS 0.27 67.9 313.3 966.4 901.1 30.4 -1.00 -1.00 0.13 60.0 +0.00 +0.09 56
63.35 EXPRESS 0.27 66.8 313.8 951.1 884.4 29.4 -1.00 -1.00 0.17 59.1 +0.00 +0.15 4
63.60 EXPRESS 0.27 66.5 314.2 935.8 867.8 28.6 -1.00 -1.00 0.19 58.2 +0.00 +0.16 46
63.85 EXPRESS 0.27 65.1 314.7 920.9 851.6 28.0 -1.00 -1.00 0.18 57.5 +0.00 +0.12 35
64.10 EXPRESS 0.27 65.1 315.1 906.1 835.3 27.9 -1.00 -1.00 0.14 57.0 +0.00 +0.04 112
64.35 EXPRESS 0.27 63.6 315.4 891.4 819.2 28.0 -1.00 -1.00 0.13 56.6 +0.00 -0.07 48
64.60 EXPRESS 0.27 63.3 315.6 877.0 803.4 28.2 -1.00 -1.00 0.18 56.4 +0.00 -0.17 41
64.85 EXPRESS 0.27 63.3 315.7 862.6 787.6 28.3 -1.00 -1.00 0.25 56.2 +0.00 -0.25 77
65.20 EXPRESS 0.27 63.3 315.7 842.5 765.6 28.1 -1.00 -1.00 0.29 56.2 +0.00 -0.23 172
65.45 EXPRESS 0.27 61.6 315.6 828.3 749.9 27.9 -1.00 -1.00 0.25 56.7 +0.00 -0.12 27
65.70 EXPRESS 0.27 61.6 315.4 814.3 734.6 28.0 -1.00 -1.00 0.22 57.4 +0.00 +0.05 29
65.95 EXPRESS 0.27 61.6 315.1 800.4 719.3 28.2 -1.00 -1.00 0.27 58.0 +0.00 +0.24 25
66.20 EXPRESS 0.27 61.5 314.7 786.5 704.0 28.3 -1.00 -1.00 0.37 58.2 +0.00 +0.37 84
66.45 EXPRESS 0.27 59.8 314.3 772.8 688.8 28.2 -1.00 -1.00 0.42 58.1 +0.00 +0.40 25
66.70 EXPRESS 0.27 59.8 313.9 759.3 673.9 28.6 -1.00 -1.00 0.41 58.3 +0.00 +0.32 105
66.95 EXPRESS 0.27 59.8 313.5 745.9 659.0 29.7 -1.00 -1.00 0.34 58.8 +0.00 +0.15 204
67.20 EXPRESS 0.27 58.1 313.1 732.7 644.2 31.4 -0.86 -1.00 0.28 59.4 +0.00 -0.05 61
67.45 EXPRESS 0.27 58.0 312.8 719.9 629.8 33.1 -0.95 -1.00 0.27 59.7 +0.00 -0.22 21
67.70 EXPRESS 0.27 58.0 312.5 707.1 615.3 34.0 -1.00 -1.00 0.31 59.3 +0.00 -0.31 75
67.95 EXPRESS 0.27 56.3 312.2 694.9 601.3 33.6 -1.00 -1.00 0.34 58.5 +0.00 -0.31 17
68.20 EXPRESS 0.27 56.3 312.0 682.7 587.4 32.5 -1.00 -1.00 0.31 57.6 +0.00 -0.23 56
68.45 EXPRESS 0.27 54.6 311.9 671.0 573.8 30.8 -1.00 -1.00 0.25 56.8 +0.00 -0.11 34
68.70 EXPRESS 0.27 54.6 311.9 659.6 560.4 29.3 -1.00 -1.00 0.19 56.1 +0.00 +0.00 146
68.95 EXPRESS 0.27 52.8 311.9 648.4 547.1 27.7 -1.00 -1.00 0.14 55.4 +0.00 +0.09 15
69.30 EXPRESS 0.27 52.8 312.2 633.1 528.8 26.2 -1.00 -1.00 0.16 54.1 +0.00 +0.14 302
69.55 EXPRESS 0.27 51.0 312.4 622.6 516.0 25.2 -1.00 -1.00 0.17 53.1 +0.00 +0.13 120
69.80 EXPRESS 0.27 51.0 312.7 612.3 503.3 24.9 -1.00 -1.00 0.16 52.1 +0.00 +0.09 46
70.05 EXPRESS 0.27 51.0 313.0 602.2 490.7 25.0 -1.00 -1.00 0.14 51.2 +0.00 +0.04 47
70.30 EXPRESS 0.27 49.2 313.4 592.4 478.4 25.0 -1.00 -1.00 0.12 50.4 +0.00 -0.01 84
70.55 EXPRESS 0.27 49.2 313.8 582.8 466.2 25.5 -1.00 -1.00 0.10 49.5 +0.00 -0.06 115
70.80 EXPRESS 0.27 49.3 314.1 573.4 454.1 25.9 -1.00 -1.00 0.11 48.8 +0.00 -0.10 120
71.05 EXPRESS 0.27 47.5 314.5 564.1 442.1 25.5 -1.00 -1.00 0.13 48.0 +0.00 -0.11 79
71.30 EXPRESS 0.27 47.5 314.8 555.2 430.4 25.4 -1.00 -1.00 0.14 47.4 +0.00 -0.10 57
71.55 EXPRESS 0.27 47.5 315.0 546.4 418.7 25.2 -1.00 -1.00 0.13 47.0 +0.00 -0.07 71
71.80 EXPRESS 0.27 47.5 315.2 537.6 407.0 24.9 -1.00 -1.00 0.11 46.8 +0.00 -0.02 93
72.10 EXPRESS 0.27 47.5 315.3 528.9 395.4 24.9 -1.00 -1.00 0.10 46.7 +0.00 +0.05 18
72.35 EXPRESS 0.27 47.5 315.3 518.6 381.4 25.2 -1.00 -1.00 0.13 46.8 +0.00 +0.12 22
72.60 EXPRESS 0.27 47.5 315.3 510.0 369.8 26.1 -1.00 -1.00 0.16 46.9 +0.00 +0.16 22
72.85 EXPRESS 0.27 47.5 315.2 501.6 358.1 27.8 -1.00 -1.00 0.18 47.0 +0.00 +0.16 50
73.10 EXPRESS 0.27 45.7 315.0 493.3 346.7 28.7 -1.00 -1.00 0.19 47.3 +0.00 +0.13 167
73.35 EXPRESS 0.27 45.7 314.8 485.3 335.4 32.1 -0.88 -1.00 0.18 47.8 +0.00 +0.07 55
73.60 EXPRESS 0.27 45.7 314.5 477.5 324.2 36.5 -0.82 -1.00 0.15 48.4 +0.00 -0.01 128
73.85 EXPRESS 0.27 45.7 314.2 469.7 313.0 41.4 -0.88 -1.00 0.12 49.1 +0.00 -0.08 59
74.10 EXPRESS 0.27 45.7 314.0 462.2 301.9 46.0 -0.99 -1.00 0.13 49.6 +0.00 -0.13 22
74.35 EXPRESS 0.27 45.7 313.7 454.8 290.8 50.2 -1.00 -1.00 0.14 49.8 +0.00 -0.14 114
74.60 EXPRESS 0.27 45.8 313.4 447.6 279.8 53.8 -1.00 -1.00 0.14 49.6 +0.00 -0.12 108
74.85 EXPRESS 0.27 44.0 313.1 440.8 269.1 53.4 -1.00 -1.00 0.13 49.1 +0.00 -0.09 201
75.10 EXPRESS 0.27 44.0 312.8 434.2 258.6 56.3 -1.00 -1.00 0.11 48.5 +0.00 -0.05 50
75.35 EXPRESS 0.27 44.0 312.6 427.9 248.2 59.1 -1.00 -1.00 0.09 47.9 +0.00 -0.01 74
75.60 EXPRESS 0.27 42.2 312.5 421.9 237.8 60.0 -1.00 -1.00 0.08 47.3 +0.00 +0.02 187
75.85 EXPRESS 0.27 42.2 312.4 416.3 227.9 62.1 -1.00 -1.00 0.07 46.7 +0.00 +0.04 41
76.10 EXPRESS 0.27 42.2 312.4 410.9 218.0 64.9 -1.00 -1.00 0.07 46.0 +0.00 +0.05 61
76.35 EXPRESS 0.27 40.6 312.4 405.8 208.1 66.1 -1.00 -1.00 0.08 45.2 +0.00 +0.05 94
76.60 EXPRESS 0.27 40.4 312.5 401.2 198.7 67.7 -1.00 -1.00 0.08 44.3 +0.00 +0.04 62
RECOVER ATTITUDE 76.65
76.85 RECOVER 0.31 40.4 312.6 396.7 189.3 65.6 -1.00 -1.00 0.09 43.3 +0.00 +0.03 80
77.15 RECOVER 0.31 38.7 312.8 391.7 178.3 61.8 -1.00 -1.00 0.09 42.1 +0.00 +0.01 211
77.40 RECOVER 0.31 38.7 313.0 388.0 169.5 58.7 -1.00 -1.00 0.08 41.1 +0.00 -0.01 35
77.65 RECOVER 0.31 38.7 313.2 384.5 160.8 55.6 -1.00 -1.00 0.08 40.0 +0.00 -0.02 53
77.90 RECOVER 0.31 38.7 313.4 381.2 152.3 54.0 -1.00 -1.00 0.08 39.0 +0.00 -0.03 69
78.15 RECOVER 0.31 36.9 313.6 378.8 145.8 53.2 -1.00 -1.00 0.08 38.2 +0.00 -0.03 20
78.40 RECOVER 0.31 37.0 313.9 375.5 136.4 52.0 -1.00 -1.00 0.08 37.0 +0.00 -0.03 39
78.65 RECOVER 0.31 37.0 314.1 373.0 128.8 51.0 -1.00 -1.00 0.08 36.0 +0.00 -0.03 127
78.90 RECOVER 0.31 37.0 314.3 370.7 121.4 50.2 -1.00 -1.00 0.07 35.2 +0.00 -0.02 204
79.15 RECOVER 0.31 35.2 314.4 368.7 114.6 49.3 -1.00 -1.00 0.07 34.3 +0.00 -0.01 77
79.40 RECOVER 0.31 35.2 314.6 366.9 108.1 48.6 -1.00 -1.00 0.06 33.6 +0.00 +0.01 40
79.65 RECOVER 0.31 35.2 314.7 365.2 101.9 47.9 -1.00 -1.00 0.06 32.9 +0.00 +0.02 36
79.90 RECOVER 0.31 35.2 314.7 363.7 96.1 47.3 -1.00 -1.00 0.05 32.3 +0.00 +0.03 56
80.15 RECOVER 0.31 35.2 314.8 362.3 90.8 46.8 -1.00 -1.00 0.05 31.8 +0.00 +0.04 43
80.40 RECOVER 0.31 33.4 314.7 361.2 86.2 46.3 -1.00 -1.00 0.05 31.3 +0.00 +0.04 74
80.65 RECOVER 0.31 33.4 314.7 360.2 82.2 45.8 -1.00 -1.00 0.06 30.8 +0.00 +0.04 48
80.90 RECOVER 0.31 33.4 314.6 359.4 78.9 45.4 -1.00 -1.00 0.06 30.4 +0.00 +0.03 21
81.15 RECOVER 0.31 33.4 314.5 358.7 76.4 44.9 -1.00 -1.00 0.06 29.9 +0.00 +0.02 39
81.40 RECOVER 0.31 33.4 314.4 358.3 74.9 44.6 -1.00 -1.00 0.06 29.6 +0.00 +0.00 23
81.65 RECOVER 0.31 31.7 314.2 357.9 73.9 44.0 -1.00 -1.00 0.06 29.1 +0.00 -0.02 47
81.90 RECOVER 0.31 31.7 314.1 357.8 74.0 43.5 -1.00 -1.00 0.07 28.5 +0.00 -0.03 19
82.15 RECOVER 0.31 31.7 313.9 357.8 75.0 42.8 -1.00 -1.00 0.07 27.9 +0.00 -0.04 37
82.40 RECOVER 0.31 29.9 313.7 358.0 76.8 42.0 -1.00 -1.00 0.08 27.1 +0.00 -0.05 25
82.65 RECOVER 0.31 29.9 313.5 358.4 79.2 41.1 -1.00 -1.00 0.09 26.1 +0.00 -0.05 14
82.90 RECOVER 0.31 29.9 313.3 358.9 82.3 39.9 -1.00 -1.00 0.10 24.9 +0.00 -0.04 9
83.15 RECOVER 0.31 28.2 313.1 359.5 85.8 38.5 -1.00 -1.00 0.11 23.5 +0.00 -0.04 13
83.40 RECOVER 0.31 28.2 312.9 360.3 89.7 36.8 -1.00 -1.00 0.13 21.8 +0.00 -0.03 19
83.65 RECOVER 0.31 26.4 312.7 361.2 93.9 34.9 -1.00 -1.00 0.15 19.9 +0.00 -0.02 5
83.90 RECOVER 0.31 26.4 312.5 362.1 98.3 32.7 -1.00 -1.00 0.18 17.7 +0.00 -0.00 20
84.15 RECOVER 0.31 24.7 312.3 363.2 102.7 30.0 -1.00 -1.00 0.21 15.0 +0.00 +0.01 44
84.40 RECOVER 0.31 24.7 312.2 364.0 106.2 27.5 -1.00 -1.00 0.24 12.7 +0.00 +0.01 6
84.70 RECOVER 0.35 22.9 311.9 365.5 112.4 22.3 -1.00 -1.00 0.30 7.8 +0.00 +0.02 12
84.95 RECOVER 0.39 21.1 311.6 366.6 116.7 17.7 -1.00 -1.00 0.37 4.5 +0.00 +0.02 58
RESUME 85.15
85.20 TRANSFER 0.27 21.2 311.2 367.6 120.8 14.0 -1.00 -0.98 0.38 5.4 +0.00 +0.02 48
85.45 TRANSFER 0.27 19.5 310.7 368.4 124.6 12.4 -1.00 -1.00 0.30 9.4 +0.00 +0.02 4
85.70 TRANSFER 0.27 18.1 309.8 368.8 128.1 12.8 -1.00 -1.00 0.25 12.8 +0.00 +0.02 5
85.95 TRANSFER 0.28 16.9 308.5 368.7 131.4 13.7 -1.00 -1.00 0.27 16.3 +0.00 +0.02 38
86.20 TRANSFER 0.40 15.8 306.8 368.3 134.6 9.4 -0.81 -0.88 0.40 20.8 +0.10 +0.02 6
86.45 TRANSFER 0.57 15.7 305.1 367.7 137.5 4.0 -0.23 -0.21 0.70 28.9 +0.07 +0.03 33
86.70 TRANSFER 0.74 13.7 303.4 367.3 140.3 12.9 +0.43 +0.58 0.96 41.3 -0.01 +0.06 4
86.95 TRANSFER 0.77 8.9 302.1 366.7 142.1 25.6 +0.67 +0.81 0.72 53.7 -0.01 +0.05 40
87.20 TRANSFER 0.71 7.0 300.6 365.6 142.8 30.6 +0.14 +0.02 0.04 57.9 -0.01 +0.03 38
87.45 TRANSFER 0.58 7.9 298.8 363.8 142.2 28.2 -0.43 -0.58 0.35 54.1 -0.01 +0.02 75
87.70 TRANSFER 0.51 8.0 297.3 361.9 140.9 25.8 -0.25 -0.13 0.16 51.8 -0.00 -0.00 18
87.95 TRANSFER 0.48 8.9 296.1 360.0 139.1 28.0 +0.24 +0.46 0.27 54.3 +0.00 -0.00 53
88.20 TRANSFER 0.42 12.0 294.9 358.0 136.8 32.7 +0.52 +0.60 0.21 57.8 -0.00 +0.00 64
88.45 TRANSFER 0.39 13.9 293.6 355.8 134.0 34.8 +0.49 +0.44 0.10 59.0 -0.00 +0.00 60
88.70 TRANSFER 0.36 15.7 292.1 353.2 130.7 34.9 +0.37 +0.34 0.20 58.0 -0.00 +0.00 39
88.95 TRANSFER 0.32 17.0 290.7 350.6 127.3 33.0 +0.29 +0.41 0.25 56.3 +0.00 -0.01 42
89.20 TRANSFER 0.28 17.3 289.3 347.9 123.4 32.0 +0.40 +0.50 0.25 54.7 +0.00 -0.01 74
RECOVER TILT 89.45
89.45 RECOVER 0.31 18.9 288.1 345.4 119.4 31.0 +0.48 +0.56 0.24 53.1 +0.00 -0.01 30
89.70 RECOVER 0.31 19.0 287.0 342.9 115.1 32.0 +0.49 +0.65 0.25 51.3 +0.00 -0.01 53
89.95 RECOVER 0.31 19.2 286.1 340.5 110.6 33.1 +0.49 +0.80 0.27 49.0 +0.00 -0.01 37
90.20 RECOVER 0.31 19.4 285.3 338.3 106.0 34.2 +0.50 +0.93 0.29 46.2 +0.00 -0.01 33
90.45 RECOVER 0.31 19.6 284.7 336.3 101.3 35.0 +0.50 +1.00 0.32 42.9 +0.00 -0.01 22
90.70 RECOVER 0.31 18.2 284.2 334.5 96.8 35.3 +0.43 +1.00 0.35 38.9 +0.00 -0.01 93
90.95 RECOVER 0.31 18.2 283.9 332.9 92.3 35.3 +0.36 +0.99 0.38 34.5 +0.01 -0.02 52
91.20 RECOVER 0.31 16.8 283.7 331.6 88.1 35.2 +0.29 +0.96 0.39 30.0 +0.04 -0.01 72
91.45 RECOVER 0.31 15.5 283.7 330.5 84.0 34.9 +0.25 +0.95 0.40 25.5 +0.05 -0.00 40
91.75 RECOVER 0.32 15.2 283.8 329.7 80.2 33.5 +0.18 +1.00 0.42 21.2 +0.00 +0.01 37
92.00 RECOVER 0.35 13.4 284.0 328.9 76.1 27.4 +0.08 +0.96 0.41 16.7 +0.04 -0.01 44
92.25 RECOVER 0.38 11.7 284.1 328.3 73.0 23.0 +0.03 +0.94 0.40 14.4 +0.06 -0.00 29
92.50 RECOVER 0.41 10.1 284.1 327.7 70.2 19.0 -0.01 +0.77 0.43 13.7 +0.21 +0.02 40
92.75 RECOVER 0.43 9.9 284.0 327.1 67.7 14.1 -0.10 +0.48 0.51 15.4 +0.16 +0.13 17
93.00 RECOVER 0.43 8.2 284.0 326.6 65.6 12.9 -0.23 +0.21 0.55 19.6 +0.11 +0.22 99
93.25 RECOVER 0.42 6.6 284.0 326.3 63.9 16.8 -0.29 -0.07 0.53 24.9 +0.07 +0.27 42
93.50 RECOVER 0.41 5.0 283.9 326.0 62.6 23.3 -0.22 -0.29 0.46 29.4 +0.04 +0.27 115
93.75 RECOVER 0.39 3.5 283.8 325.7 61.9 29.1 -0.07 -0.42 0.37 32.3 +0.04 +0.25 22
94.00 RECOVER 0.40 3.1 283.5 325.4 61.7 33.4 +0.02 -0.47 0.30 33.3 +0.04 +0.23 52
94.25 RECOVER 0.41 4.1 283.1 325.0 62.0 35.0 +0.09 -0.36 0.31 32.0 +0.04 +0.21 52
94.50 RECOVER 0.43 4.3 282.5 324.7 62.8 33.3 +0.15 -0.12 0.37 28.3 +0.05 +0.16 90
94.75 RECOVER 0.44 6.0 282.0 324.4 64.0 32.0 +0.07 -0.16 0.35 23.7 +0.05 +0.13 22
95.00 RECOVER 0.45 6.3 281.6 324.3 65.5 28.9 +0.04 -0.23 0.31 19.6 +0.05 +0.14 319
95.25 RECOVER 0.45 6.5 281.3 324.3 67.1 26.1 +0.01 -0.36 0.30 15.8 +0.03 +0.15 145
95.50 RECOVER 0.46 6.7 281.1 324.5 68.7 22.9 +0.02 -0.34 0.32 11.9 +0.02 +0.14 148
95.75 RECOVER 0.46 6.8 281.1 324.8 70.4 19.0 +0.03 -0.25 0.33 7.6 +0.02 +0.12 94
96.00 RECOVER 0.46 6.8 281.1 325.2 72.1 14.8 +0.02 -0.18 0.33 3.3 +0.02 +0.10 95
96.25 RECOVER 0.46 5.5 281.3 325.7 73.4 8.5 +0.06 -0.03 0.30 2.0 +0.02 +0.09 87
96.50 RECOVER 0.45 5.3 281.6 326.2 74.7 4.4 +0.01 -0.03 0.25 5.3 +0.01 +0.08 82
96.75 RECOVER 0.43 4.7 282.0 326.9 75.9 0.4 -0.07 -0.04 0.21 8.2 +0.01 +0.08 58
97.00 RECOVER 0.41 3.7 282.4 327.6 76.7 4.6 -0.03 +0.10 0.17 10.6 +0.00 +0.09 40
RESUME 97.25
97.25 TRANSFER 0.27 3.5 283.0 328.3 77.4 5.9 -0.06 +0.10 0.12 12.2 -0.00 +0.08 90
97.50 TRANSFER 0.27 2.8 283.6 328.9 78.0 2.3 -0.02 -0.13 0.08 13.0 -0.00 +0.07 52
97.75 TRANSFER 0.27 1.1 283.8 329.2 78.2 3.5 +0.03 -0.26 0.07 13.5 -0.00 +0.06 58
98.00 TRANSFER 0.27 0.9 283.8 329.2 78.3 7.3 +0.07 -0.33 0.10 14.4 -0.00 +0.05 104
98.25 TRANSFER 0.27 1.8 283.5 329.0 78.4 10.4 +0.08 -0.33 0.17 16.2 -0.00 +0.04 113
98.50 TRANSFER 0.27 2.8 282.9 328.4 78.4 11.0 +0.06 -0.26 0.25 19.1 -0.00 +0.04 171
98.75 TRANSFER 0.27 3.8 282.1 327.6 78.5 6.9 +0.01 -0.02 0.32 23.3 -0.00 +0.03 228
99.00 TRANSFER 0.33 4.7 281.0 326.5 78.4 2.4 -0.05 +0.19 0.35 28.1 +0.00 +0.02 54
99.25 TRANSFER 0.36 5.6 279.7 325.2 78.2 2.6 -0.07 +0.30 0.29 32.6 +0.00 +0.02 76
99.50 TRANSFER 0.38 6.2 278.3 323.8 77.6 5.9 -0.07 +0.23 0.18 35.8 +0.01 +0.02 111
99.75 TRANSFER 0.36 7.4 276.9 322.2 76.7 7.5 -0.01 +0.16 0.09 37.5 -0.01 +0.01 27
100.00 TRANSFER 0.36 7.8 275.4 320.4 75.5 8.4 -0.04 +0.15 0.06 38.3 -0.00 +0.00 103
100.25 TRANSFER 0.33 8.9 274.0 318.7 74.0 9.1 -0.06 +0.23 0.07 39.1 +0.00 -0.00 37
100.50 TRANSFER 0.33 9.2 272.5 316.8 72.3 10.1 -0.04 +0.35 0.08 40.1 +0.00 -0.00 117
100.75 TRANSFER 0.33 9.5 271.0 315.0 70.5 11.1 -0.08 +0.42 0.07 41.1 +0.00 -0.00 62
101.00 TRANSFER 0.33 9.8 269.4 313.0 68.7 11.9 -0.12 +0.46 0.06 41.8 +0.00 -0.00 90
101.25 TRANSFER 0.33 10.0 267.8 311.0 66.8 12.4 -0.16 +0.42 0.04 42.0 +0.00 -0.00 85
101.50 TRANSFER 0.33 10.2 266.2 309.1 64.9 12.6 -0.17 +0.47 0.05 42.0 +0.00 -0.00 90
101.75 TRANSFER 0.33 10.3 264.6 307.1 62.9 12.8 -0.17 +0.53 0.07 42.0 +0.00 -0.00 48
102.00 TRANSFER 0.33 10.4 262.9 305.1 61.0 12.9 -0.15 +0.57 0.10 41.9 +0.00 -0.00 92
102.25 TRANSFER 0.30 11.5 261.3 303.0 58.9 14.0 -0.12 +0.65 0.11 41.7 +0.00 -0.00 79
102.50 TRANSFER 0.29 11.5 259.6 300.9 56.5 18.0 -0.04 +0.84 0.11 41.3 +0.00 -0.00 23
102.75 TRANSFER 0.30 11.5 257.9 298.8 54.2 22.1 -0.02 +0.99 0.11 40.5 +0.00 -0.00 32
103.00 TRANSFER 0.30 11.5 256.1 296.7 52.0 24.5 -0.02 +1.00 0.14 39.0 +0.00 -0.00 52
103.25 TRANSFER 0.31 11.5 254.3 294.6 49.7 25.0 -0.03 +1.00 0.17 36.8 +0.00 -0.00 72
103.50 TRANSFER 0.33 11.5 252.5 292.4 47.6 24.7 -0.02 +1.00 0.20 34.2 +0.00 -0.00 61
103.75 TRANSFER 0.37 10.5 250.6 290.2 45.6 20.3 -0.04 +1.00 0.23 31.2 +0.00 -0.00 29
104.00 TRANSFER 0.36 11.4 248.7 288.0 43.5 21.4 -0.02 +0.99 0.31 27.2 -0.01 -0.00 56
104.35 TRANSFER 0.40 10.2 246.0 284.9 40.7 13.0 +0.01 +0.88 0.38 20.2 -0.02 -0.01 334
104.60 TRANSFER 0.42 10.1 244.1 282.8 39.0 6.6 -0.06 +0.43 0.42 14.5 -0.02 -0.01 32
104.85 TRANSFER 0.42 9.6 242.3 280.8 37.4 1.8 -0.04 +0.19 0.44 8.1 -0.01 -0.02 85
105.10 TRANSFER 0.41 9.0 240.7 279.0 35.7 4.2 +0.03 +0.12 0.38 2.4 -0.01 -0.03 118
105.35 TRANSFER 0.40 8.4 239.2 277.3 34.1 8.4 +0.08 +0.10 0.30 2.4 -0.01 -0.03 6
105.60 TRANSFER 0.39 6.9 237.9 275.8 32.9 16.4 +0.02 -0.12 0.25 6.3 -0.01 -0.03 24
105.85 TRANSFER 0.39 6.7 236.6 274.4 31.8 18.9 +0.01 -0.17 0.18 9.2 -0.00 -0.03 36
106.10 TRANSFER 0.39 5.9 235.3 273.0 30.9 22.4 -0.01 -0.19 0.09 10.9 -0.00 -0.03 58
106.35 TRANSFER 0.40 5.8 234.0 271.7 30.3 24.2 -0.03 -0.23 0.04 11.3 +0.00 -0.03 8
106.60 TRANSFER 0.40 5.1 232.7 270.3 29.8 24.8 -0.03 -0.13 0.13 10.2 +0.00 -0.03 17
106.85 TRANSFER 0.41 4.5 231.6 269.2 29.7 24.8 -0.06 -0.09 0.22 7.6 +0.00 -0.02 17
107.10 TRANSFER 0.41 3.9 230.6 268.2 29.5 21.4 -0.02 +0.04 0.27 4.2 +0.00 -0.02 60
107.35 TRANSFER 0.41 3.3 229.7 267.3 29.4 17.8 +0.02 +0.09 0.26 1.4 -0.00 -0.01 9
107.60 TRANSFER 0.40 2.8 229.0 266.6 29.3 14.7 +0.02 +0.05 0.23 3.6 -0.00 -0.01 35
107.85 TRANSFER 0.40 2.4 228.4 266.0 29.1 12.1 -0.00 +0.00 0.18 6.4 -0.00 -0.01 18
108.10 TRANSFER 0.40 2.5 227.9 265.5 28.9 9.3 -0.02 -0.00 0.16 8.7 -0.00 -0.01 43
108.35 TRANSFER 0.40 2.4 227.4 264.9 28.7 7.2 -0.05 +0.01 0.15 10.9 -0.00 -0.01 35
108.60 TRANSFER 0.39 3.0 226.9 264.5 28.4 3.2 -0.04 +0.07 0.14 12.9 -0.00 -0.01 37
108.85 TRANSFER 0.39 3.2 226.5 264.0 27.8 2.4 +0.04 +0.25 0.12 14.8 -0.00 -0.01 22
109.10 TRANSFER 0.39 3.4 226.0 263.4 27.2 4.3 +0.03 +0.21 0.05 15.8 -0.00 -0.00 47
109.35 TRANSFER 0.39 4.6 225.5 262.9 26.4 6.5 +0.01 +0.16 0.03 15.8 -0.00 -0.00 7
109.60 TRANSFER 0.39 4.7 225.0 262.2 25.3 9.6 +0.04 +0.24 0.06 15.0 -0.00 -0.00 33
109.85 TRANSFER 0.40 4.7 224.5 261.6 24.3 9.2 +0.02 +0.21 0.10 13.9 -0.00 -0.01 9
110.10 TRANSFER 0.40 4.7 224.0 261.0 23.2 8.3 +0.00 +0.18 0.12 12.3 +0.00 -0.01 53
110.35 TRANSFER 0.39 4.6 223.5 260.4 22.1 7.1 -0.01 +0.14 0.13 10.6 +0.00 -0.01 11
110.60 TRANSFER 0.40 4.5 223.1 259.9 21.1 5.9 -0.01 +0.14 0.12 8.7 +0.00 -0.01 26
110.85 TRANSFER 0.40 4.4 222.7 259.4 20.1 4.8 -0.00 +0.16 0.11 7.1 +0.00 -0.00 46
111.10 TRANSFER 0.40 4.4 222.3 259.0 19.0 4.0 +0.01 +0.17 0.09 5.7 +0.00 -0.00 17
111.35 TRANSFER 0.40 4.3 221.9 258.5 18.0 3.1 +0.01 +0.15 0.10 4.3 +0.00 -0.00 34
111.60 TRANSFER 0.39 4.1 221.6 258.1 17.0 2.1 +0.02 +0.10 0.11 2.7 -0.00 +0.00 45
111.85 TRANSFER 0.39 4.1 221.3 257.8 16.1 1.2 +0.03 +0.08 0.11 1.2 +0.00 -0.00 50
112.10 TRANSFER 0.39 4.0 221.0 257.4 15.1 1.2 +0.04 +0.07 0.09 0.5 +0.00 -0.00 69
112.35 TRANSFER 0.40 3.9 220.7 257.1 14.1 1.7 +0.02 +0.07 0.09 1.5 +0.00 -0.00 24
112.60 TRANSFER 0.40 3.9 220.4 256.7 13.2 2.1 -0.01 +0.04 0.09 2.6 +0.00 -0.00 44
112.85 TRANSFER 0.40 2.4 220.1 256.4 12.6 6.3 -0.09 -0.12 0.09 3.8 +0.00 -0.00 49
113.10 TRANSFER 0.40 2.4 219.8 256.1 12.1 6.9 -0.08 -0.13 0.05 4.7 +0.00 -0.00 69
113.35 TRANSFER 0.40 2.3 219.5 255.8 11.6 6.7 -0.04 -0.04 0.03 4.8 +0.00 -0.00 42
113.60 TRANSFER 0.39 2.2 219.3 255.5 11.1 5.7 +0.03 +0.05 0.07 4.0 +0.00 -0.00 40
113.85 TRANSFER 0.39 1.3 219.1 255.3 10.9 8.3 +0.00 -0.04 0.07 2.9 +0.00 -0.00 58
114.10 TRANSFER 0.40 1.2 218.9 255.1 10.8 7.3 -0.02 -0.08 0.07 2.0 +0.00 -0.00 73
114.35 TRANSFER 0.40 1.2 218.6 254.9 10.7 6.2 -0.01 -0.03 0.09 0.9 +0.00 -0.00 30
114.60 TRANSFER 0.40 1.1 218.4 254.6 10.6 4.7 -0.01 +0.02 0.11 0.6 +0.00 -0.00 110
114.85 TRANSFER 0.39 0.8 218.3 254.5 10.6 3.3 -0.01 +0.06 0.11 2.1 +0.00 +0.00 62
115.15 TRANSFER 0.39 0.9 218.1 254.3 10.5 1.7 -0.01 +0.05 0.08 3.7 +0.00 +0.00 20
115.40 TRANSFER 0.39 1.0 218.0 254.2 10.4 0.9 -0.01 +0.01 0.04 4.5 +0.00 +0.00 56
115.65 TRANSFER 0.39 2.0 217.9 254.1 10.0 3.7 +0.06 +0.14 0.04 5.0 +0.00 +0.00 18
115.90 TRANSFER 0.39 2.0 217.7 253.9 9.5 4.1 +0.03 +0.12 0.01 5.2 +0.00 +0.00 55
116.15 TRANSFER 0.40 2.0 217.5 253.7 9.0 3.8 +0.01 +0.04 0.06 4.6 +0.00 +0.00 36
116.40 TRANSFER 0.40 2.0 217.4 253.5 8.5 3.0 -0.02 -0.02 0.08 3.6 -0.00 +0.01 80
116.65 TRANSFER 0.40 2.0 217.2 253.3 8.0 2.2 -0.04 -0.03 0.07 2.6 -0.00 +0.00 48
116.90 TRANSFER 0.39 1.9 217.1 253.2 7.6 1.6 -0.03 -0.00 0.05 1.7 +0.00 -0.00 54
117.15 TRANSFER 0.39 1.9 217.0 253.1 7.1 1.2 +0.01 +0.02 0.03 1.1 +0.00 -0.00 44
117.40 TRANSFER 0.39 1.9 216.9 253.0 6.6 1.1 +0.03 +0.03 0.03 0.7 +0.00 -0.00 43
117.65 TRANSFER 0.40 1.9 216.8 252.8 6.1 1.0 +0.04 +0.03 0.02 0.5 +0.00 +0.00 56
117.90 TRANSFER 0.40 1.9 216.7 252.7 5.7 1.0 +0.03 +0.02 0.03 0.3 -0.00 +0.01 70
118.15 TRANSFER 0.40 1.9 216.5 252.6 5.2 0.7 +0.00 +0.00 0.04 0.5 -0.00 +0.00 49
118.40 TRANSFER 0.40 1.9 216.4 252.5 4.8 0.4 -0.02 +0.00 0.04 1.0 -0.00 +0.00 47
118.65 TRANSFER 0.40 1.9 216.3 252.3 4.3 0.2 -0.02 +0.01 0.04 1.5 -0.00 +0.00 52
118.90 SINK 0.27 1.8 216.2 252.2 3.9 1.6 -0.06 -0.00 0.03 1.9 +0.00 +0.00 51
119.15 SINK 0.27 2.1 216.1 252.1 3.4 3.7 +0.05 +0.16 0.02 2.3 +0.00 +0.00 24
119.40 SINK 0.27 2.8 215.6 251.7 3.0 3.3 +0.03 +0.10 0.04 2.7 -0.00 +0.00 66
119.65 SINK 0.27 3.6 215.0 251.0 2.6 2.6 -0.02 -0.01 0.06 3.4 -0.00 +0.00 69
119.95 SINK 0.27 4.4 213.8 249.8 2.4 2.6 -0.07 -0.14 0.06 4.5 -0.00 -0.00 192
120.20 SINK 0.27 5.4 212.6 248.6 2.3 8.2 -0.22 -0.47 0.03 5.2 -0.00 -0.00 94
120.45 SINK 0.27 6.4 211.0 247.1 2.2 9.2 -0.13 -0.24 0.07 4.9 +0.00 -0.00 50
120.70 SINK 0.27 7.4 209.3 245.3 2.2 6.8 +0.07 +0.20 0.16 3.0 +0.00 -0.00 59
120.95 SINK 0.27 8.3 207.3 243.3 2.1 4.0 +0.16 +0.38 0.16 0.7 +0.00 -0.00 41
121.20 SINK 0.27 9.2 205.1 241.1 2.1 2.0 +0.10 +0.18 0.09 1.1 +0.00 -0.00 45
121.45 SINK 0.28 9.9 202.7 238.7 2.0 1.3 -0.02 -0.12 0.01 1.7 +0.00 +0.00 42
121.70 SINK 0.29 10.2 200.1 236.1 2.0 1.5 -0.10 -0.26 0.02 1.5 -0.00 +0.00 91
121.95 SINK 0.29 10.5 197.5 233.6 2.0 1.3 -0.05 -0.08 0.04 1.8 -0.00 +0.00 55
122.20 SINK 0.30 10.8 194.9 230.9 1.9 0.6 +0.05 +0.18 0.09 2.7 -0.00 +0.00 48
122.45 SINK 0.30 11.0 192.2 228.2 1.9 1.3 +0.09 +0.21 0.07 3.9 -0.00 +0.00 60
122.70 SINK 0.31 11.3 189.4 225.4 1.9 1.8 +0.00 -0.02 0.02 4.4 -0.00 +0.00 69
122.95 SINK 0.31 11.5 186.5 222.5 1.9 1.8 -0.02 -0.11 0.02 4.2 -0.00 -0.00 9
123.20 SINK 0.32 11.8 183.6 219.6 1.9 1.7 -0.04 -0.06 0.02 4.0 +0.00 -0.00 78
123.45 SINK 0.33 12.0 180.6 216.6 1.9 1.9 +0.01 +0.07 0.03 4.2 +0.00 -0.00 69
123.70 SINK 0.33 12.2 177.6 213.6 1.9 2.3 +0.05 +0.12 0.03 4.7 +0.00 -0.00 87
123.95 SINK 0.33 12.5 174.5 210.5 1.6 7.2 +0.11 +0.25 0.00 4.8 +0.00 +0.00 29
124.20 SINK 0.33 12.5 171.4 207.4 1.2 10.3 +0.11 +0.23 0.07 4.3 +0.00 +0.00 40
124.45 SINK 0.33 12.3 168.3 204.3 0.8 8.6 -0.05 -0.03 0.14 2.7 -0.00 +0.00 40
124.70 SINK 0.33 12.4 165.3 201.3 0.5 6.5 -0.10 -0.12 0.14 0.9 +0.00 -0.00 89
124.95 SINK 0.33 12.1 162.2 198.2 0.6 4.9 -0.05 -0.02 0.09 1.4 +0.00 -0.00 54
125.20 SINK 0.34 12.3 159.2 195.2 0.9 4.0 +0.02 +0.09 0.06 2.2 +0.00 -0.00 47
125.60 SINK 0.32 11.9 154.4 190.4 1.5 2.7 +0.05 +0.07 0.07 3.5 -0.00 +0.01 362
125.85 SINK 0.33 11.9 151.5 187.5 1.9 1.4 -0.05 -0.09 0.10 4.8 -0.00 +0.01 113
126.25 SINK 0.33 12.2 146.7 182.7 1.8 4.2 -0.14 -0.26 0.04 6.5 -0.00 +0.00 599
126.50 SINK 0.34 12.3 143.6 179.6 1.8 4.2 +0.01 +0.01 0.04 6.4 -0.00 -0.00 96
126.75 SINK 0.33 12.0 140.6 176.6 1.8 3.2 +0.09 +0.18 0.07 5.5 +0.00 -0.00 25
127.00 SINK 0.33 12.2 137.5 173.5 1.8 2.5 +0.05 +0.09 0.03 4.8 +0.00 -0.00 65
127.25 SINK 0.33 12.0 134.5 170.5 1.8 2.6 -0.04 -0.12 0.03 4.9 +0.00 -0.00 35
127.50 SINK 0.33 12.1 131.5 167.5 1.8 3.1 -0.07 -0.18 0.03 5.4 +0.00 -0.00 192
127.75 SINK 0.33 12.2 128.4 164.5 1.8 3.2 -0.02 -0.10 0.01 5.5 +0.00 -0.00 41
128.00 SINK 0.33 12.1 125.4 161.5 1.4 7.6 -0.05 -0.14 0.05 5.0 +0.00 -0.00 41
128.25 SINK 0.33 12.3 122.4 158.4 0.9 10.0 -0.07 -0.22 0.07 4.2 +0.00 +0.00 114
128.50 SINK 0.33 12.3 119.4 155.4 0.5 8.6 -0.01 -0.08 0.12 2.8 +0.00 +0.00 78
128.75 SINK 0.33 12.2 116.3 152.3 0.1 6.6 +0.07 +0.08 0.15 1.2 +0.00 -0.00 92
129.00 SINK 0.34 12.3 113.3 149.3 0.4 4.7 +0.07 +0.07 0.12 1.7 +0.00 -0.00 60
129.25 SINK 0.33 12.0 110.3 146.3 0.8 3.4 +0.00 -0.02 0.08 2.9 +0.00 -0.00 70
129.50 SINK 0.33 12.1 107.3 143.3 1.2 2.5 -0.03 -0.05 0.07 3.8 +0.00 -0.00 104
129.75 SINK 0.33 12.0 104.3 140.3 1.2 3.3 +0.06 +0.17 0.08 4.8 +0.00 +0.00 54
130.00 SINK 0.34 12.2 101.3 137.3 1.2 4.1 +0.06 +0.18 0.04 5.6 -0.00 +0.00 46
130.25 SINK 0.33 11.9 98.3 134.3 1.2 4.0 -0.01 -0.03 0.03 5.6 -0.00 +0.01 37
130.50 SINK 0.33 12.1 95.3 131.3 1.2 3.4 -0.05 -0.12 0.05 5.0 -0.00 +0.00 68
130.75 SINK 0.33 12.1 92.2 128.3 1.2 3.0 -0.01 -0.03 0.02 4.6 +0.00 -0.00 42
131.00 SINK 0.33 12.0 89.3 125.3 1.2 3.2 +0.05 +0.10 0.03 4.8 +0.00 -0.00 42
131.25 SINK 0.34 12.1 86.2 122.3 1.2 3.5 +0.04 +0.12 0.02 5.1 +0.00 -0.00 51
131.50 SINK 0.33 11.9 83.2 119.2 1.2 3.3 -0.00 +0.05 0.03 5.0 +0.00 -0.00 74
131.75 SINK 0.33 12.1 80.3 116.3 1.0 5.8 +0.00 +0.06 0.03 4.5 +0.00 +0.00 164
132.00 SINK 0.33 12.2 77.2 113.2 0.6 9.9 +0.11 +0.26 0.04 4.0 -0.00 +0.00 79
132.25 SINK 0.34 12.4 74.2 110.2 0.2 9.0 +0.07 +0.19 0.08 3.2 -0.00 +0.00 72
132.50 SINK 0.33 12.0 71.2 107.2 0.4 7.2 -0.07 -0.04 0.15 1.6 +0.00 +0.00 28
132.75 SINK 0.33 12.1 68.2 104.2 0.8 5.1 -0.14 -0.15 0.15 1.6 +0.00 +0.00 14
133.00 SINK 0.33 12.1 65.2 101.2 1.2 3.6 -0.05 -0.04 0.09 2.9 +0.00 +0.00 11
133.25 SINK 0.33 11.8 62.2 98.2 1.4 1.6 +0.02 -0.01 0.05 3.6 +0.00 +0.00 8
133.50 SINK 0.33 12.0 59.3 95.3 1.4 2.6 +0.00 -0.06 0.04 4.0 +0.00 +0.00 33
133.75 SINK 0.33 12.1 56.8 92.9 1.4 2.6 +0.00 -0.02 0.03 4.2 +0.00 +0.00 13
134.00 SINK 0.33 12.0 53.2 89.2 1.4 2.5 +0.03 +0.02 0.01 4.2 +0.00 -0.00 10
134.25 SINK 0.33 11.9 50.2 86.3 1.4 2.3 -0.01 +0.03 0.01 4.1 +0.00 +0.00 19
134.50 SINK 0.33 12.0 47.2 83.3 1.4 2.3 -0.01 -0.01 0.02 4.1 +0.00 +0.00 8
134.75 SINK 0.33 12.0 44.2 80.2 1.4 2.4 +0.01 -0.06 0.01 4.3 -0.00 +0.00 50
135.00 SINK 0.33 11.9 41.3 77.3 1.4 2.5 -0.01 -0.05 0.02 4.4 +0.00 +0.00 2
135.25 SINK 0.33 12.1 38.3 74.3 1.4 2.5 -0.02 -0.04 0.02 4.3 +0.00 +0.00 57
135.50 SINK 0.33 12.0 35.2 71.2 1.4 2.4 -0.01 -0.01 0.02 4.2 +0.00 +0.00 95
135.75 SINK 0.33 11.9 32.3 68.3 1.4 2.2 -0.02 +0.01 0.02 3.9 +0.00 +0.00 58
136.00 SINK 0.33 12.0 29.3 65.3 1.4 2.1 -0.04 -0.02 0.00 3.8 -0.00 +0.00 12
136.25 SINK 0.33 12.1 26.2 62.3 1.4 2.1 -0.01 -0.07 0.00 3.8 +0.00 +0.00 48
136.50 SINK 0.33 11.9 23.3 59.3 1.4 2.0 +0.01 -0.02 0.00 3.7 -0.00 +0.00 60
136.75 SINK 0.33 12.1 20.3 56.3 1.2 3.8 -0.04 -0.15 0.02 3.6 +0.00 +0.00 85
137.00 SINK 0.33 12.2 17.3 53.3 0.8 8.5 -0.10 -0.29 0.03 3.4 +0.00 +0.00 36
137.25 SINK 0.34 12.3 14.2 50.2 0.3 8.5 -0.06 -0.22 0.08 2.6 +0.00 -0.00 35
137.50 SINK 0.33 12.1 11.2 47.2 0.2 6.8 +0.07 +0.04 0.15 1.1 +0.00 -0.00 17
137.75 SINK 0.34 12.2 8.2 44.2 0.6 4.8 +0.11 +0.09 0.14 1.6 +0.00 -0.00 67
138.00 SINK 0.33 11.9 5.2 41.2 1.0 3.2 +0.02 +0.03 0.10 3.0 +0.00 -0.00 9
138.25 SINK 0.33 11.9 2.3 38.3 1.1 2.2 +0.02 +0.13 0.07 4.0 +0.00 +0.00 23
138.50 SINK 0.36 11.9 -0.7 35.3 1.1 3.5 +0.03 +0.12 0.04 4.7 +0.00 +0.00 36
138.75 SINK 0.39 11.5 -3.6 32.4 1.1 3.7 +0.04 -0.00 0.02 4.8 +0.00 +0.00 27
139.00 SINK 0.42 11.0 -6.4 29.6 1.1 3.4 -0.00 -0.06 0.03 4.4 -0.00 +0.00 15
139.25 SINK 0.45 10.1 -9.1 27.0 1.1 3.3 +0.02 +0.01 0.02 4.2 +0.00 +0.00 54
139.50 SINK 0.47 9.3 -11.5 24.6 1.1 3.5 -0.00 +0.10 0.02 4.3 +0.00 -0.00 42
139.75 SINK 0.50 8.1 -13.6 22.4 1.1 3.7 -0.01 +0.08 0.00 4.4 +0.00 -0.00 25
140.00 SINK 0.53 7.0 -15.5 20.6 0.9 6.5 +0.05 +0.07 0.03 4.2 +0.00 +0.00 42
140.25 SINK 0.49 5.8 -17.0 19.0 0.5 6.3 +0.05 +0.07 0.05 3.6 +0.00 +0.00 58
140.50 SINK 0.46 4.7 -18.2 17.8 0.1 5.8 -0.03 +0.03 0.08 2.7 +0.00 -0.00 76
140.75 SINK 0.44 4.0 -19.1 16.9 0.5 5.1 -0.05 +0.03 0.07 1.7 +0.00 -0.00 35
141.00 SINK 0.43 3.5 -19.9 16.1 0.9 4.8 +0.02 +0.08 0.05 1.1 +0.00 +0.00 60
141.25 SINK 0.41 3.0 -20.6 15.5 1.3 4.5 +0.06 +0.07 0.06 0.7 -0.00 +0.00 105
141.50 SINK 0.40 2.5 -21.1 15.0 1.8 4.0 +0.03 +0.05 0.07 1.1 +0.00 +0.00 49
141.75 SINK 0.39 2.4 -21.5 14.7 2.2 3.2 -0.04 +0.01 0.09 2.2 +0.00 +0.00 53
142.00 SINK 0.39 2.4 -21.9 14.3 2.6 2.5 -0.04 +0.02 0.08 3.4 +0.00 -0.00 14
142.25 SINK 0.39 1.7 -22.3 13.9 2.7 2.5 -0.06 -0.11 0.06 4.2 +0.00 -0.00 38
142.50 SINK 0.39 1.7 -22.8 13.5 2.7 2.9 +0.01 -0.05 0.03 4.7 -0.00 +0.00 45
142.75 SINK 0.39 1.7 -23.2 13.1 2.7 2.6 +0.05 +0.05 0.03 4.5 -0.00 +0.00 69
143.00 SINK 0.39 1.7 -23.6 12.7 2.7 2.3 +0.02 +0.09 0.02 4.2 +0.00 -0.00 34
143.25 SINK 0.39 1.7 -24.0 12.3 2.7 2.2 -0.02 +0.02 0.00 4.1 +0.00 +0.00 43
143.50 SINK 0.38 1.6 -24.4 11.9 2.7 2.5 -0.05 -0.07 0.02 4.4 +0.00 -0.00 52
143.75 SINK 0.38 1.6 -24.8 11.5 2.7 2.7 +0.00 -0.08 0.03 4.6 +0.00 -0.00 74
144.00 SINK 0.38 2.1 -25.2 11.1 2.7 3.6 +0.02 -0.03 0.03 4.6 +0.00 -0.00 47
144.25 SINK 0.38 2.4 -25.6 10.6 2.2 6.5 -0.04 -0.15 0.03 4.3 +0.00 +0.00 41
144.50 SINK 0.38 2.4 -26.0 10.1 1.8 6.2 -0.03 -0.06 0.06 3.7 +0.00 +0.00 44
144.75 SINK 0.38 2.4 -26.5 9.6 1.4 5.4 +0.01 -0.00 0.08 2.6 +0.00 +0.00 60
145.00 SINK 0.38 2.4 -26.9 9.2 1.0 4.6 +0.02 -0.02 0.07 1.7 +0.00 +0.00 47
145.25 SINK 0.38 2.4 -27.3 8.7 0.6 4.1 +0.01 -0.08 0.06 1.1 +0.00 +0.00 28
145.50 SINK 0.38 2.4 -27.7 8.3 0.3 3.7 +0.01 -0.08 0.06 1.1 +0.00 -0.00 44
145.75 SINK 0.38 2.4 -28.1 7.9 0.5 3.2 +0.02 -0.04 0.07 1.7 +0.00 -0.00 142
146.00 SINK 0.38 2.4 -28.5 7.6 0.9 2.5 +0.03 +0.00 0.07 2.5 +0.00 -0.00 78
146.25 SINK 0.37 1.6 -28.9 7.2 1.2 2.1 +0.04 +0.01 0.07 3.5 +0.00 +0.00 213
146.50 SINK 0.37 1.6 -29.3 6.8 1.2 3.6 +0.09 +0.15 0.05 4.2 -0.00 +0.01 89
146.75 SINK 0.37 1.6 -29.7 6.5 1.2 3.6 -0.01 +0.04 0.03 4.4 -0.00 +0.01 77
147.00 SINK 0.37 1.6 -30.1 6.1 1.2 3.0 -0.07 -0.10 0.06 3.8 +0.00 -0.00 37
147.25 SINK 0.37 1.6 -30.5 5.7 1.2 2.2 -0.06 -0.12 0.04 3.1 +0.00 -0.01 85
